INFO:     Will watch for changes in these directories: ['/Users/Srivats/Downloads/Hackathon Project']
INFO:     Uvicorn running on http://127.0.0.1:8000 (Press CTRL+C to quit)
INFO:     Started reloader process [9870] using StatReload
INFO:     Started server process [9872]
INFO:     Waiting for application startup.
INFO:     Application startup complete.
ML Models loaded successfully.
INFO:     127.0.0.1:49751 - "GET / HTTP/1.1" 404 Not Found
INFO:     127.0.0.1:49822 - "GET /docs HTTP/1.1" 200 OK
INFO:     127.0.0.1:49822 - "GET /openapi.json HTTP/1.1" 200 OK
INFO:     127.0.0.1:49925 - "OPTIONS /simulate HTTP/1.1" 200 OK
INFO:     127.0.0.1:49925 - "POST /simulate HTTP/1.1" 200 OK
INFO:     127.0.0.1:49932 - "POST /simulate HTTP/1.1" 200 OK
INFO:     127.0.0.1:49953 - "POST /simulate HTTP/1.1" 200 OK
INFO:     127.0.0.1:50012 - "POST /simulate HTTP/1.1" 200 OK
WARNING:  StatReload detected changes in 'core/scheduler_fcfs.py'. Reloading...
INFO:     Shutting down
INFO:     Waiting for application shutdown.
INFO:     Application shutdown complete.
INFO:     Finished server process [9872]
INFO:     Started server process [12722]
INFO:     Waiting for application startup.
INFO:     Application startup complete.
WARNING:  StatReload detected changes in 'core/scheduler_sjf.py'. Reloading...
INFO:     Shutting down
INFO:     Waiting for application shutdown.
INFO:     Application shutdown complete.
INFO:     Finished server process [12722]
INFO:     Started server process [12746]
INFO:     Waiting for application startup.
INFO:     Application startup complete.
WARNING:  StatReload detected changes in 'ml/train_models.py'. Reloading...
INFO:     Shutting down
INFO:     Waiting for application shutdown.
INFO:     Application shutdown complete.
INFO:     Finished server process [12746]
INFO:     Started server process [12802]
INFO:     Waiting for application startup.
INFO:     Application startup complete.
ML Models loaded successfully.
INFO:     127.0.0.1:50323 - "OPTIONS /simulate HTTP/1.1" 200 OK
INFO:     127.0.0.1:50323 - "POST /simulate HTTP/1.1" 200 OK
WARNING:  StatReload detected changes in 'ml/train_models.py'. Reloading...
INFO:     Shutting down
INFO:     Waiting for application shutdown.
INFO:     Application shutdown complete.
INFO:     Finished server process [12802]
INFO:     Started server process [12825]
INFO:     Waiting for application startup.
INFO:     Application startup complete.
WARNING:  StatReload detected changes in 'api/schemas.py'. Reloading...
INFO:     Shutting down
INFO:     Waiting for application shutdown.
INFO:     Application shutdown complete.
INFO:     Finished server process [12825]
INFO:     Started server process [12890]
INFO:     Waiting for application startup.
INFO:     Application startup complete.
WARNING:  StatReload detected changes in 'api/main.py'. Reloading...
INFO:     Shutting down
INFO:     Waiting for application shutdown.
INFO:     Application shutdown complete.
INFO:     Finished server process [12890]
Process SpawnProcess-7:
Traceback (most recent call last):
  File "/opt/homebrew/Cellar/python@3.14/3.14.0_1/Frameworks/Python.framework/Versions/3.14/lib/python3.14/multiprocessing/process.py", line 320, in _bootstrap
    self.run()
    ~~~~~~~~^^
  File "/opt/homebrew/Cellar/python@3.14/3.14.0_1/Frameworks/Python.framework/Versions/3.14/lib/python3.14/multiprocessing/process.py", line 108, in run
    self._target(*self._args, **self._kwargs)
    ~~~~~~~~~~~~^^^^^^^^^^^^^^^^^^^^^^^^^^^^^
  File "/Users/Srivats/Downloads/Hackathon Project/venv/lib/python3.14/site-packages/uvicorn/_subprocess.py", line 80, in subprocess_started
    target(sockets=sockets)
    ~~~~~~^^^^^^^^^^^^^^^^^
  File "/Users/Srivats/Downloads/Hackathon Project/venv/lib/python3.14/site-packages/uvicorn/server.py", line 75, in run
    return asyncio_run(self.serve(sockets=sockets), loop_factory=self.config.get_loop_factory())
  File "/opt/homebrew/Cellar/python@3.14/3.14.0_1/Frameworks/Python.framework/Versions/3.14/lib/python3.14/asyncio/runners.py", line 204, in run
    return runner.run(main)
           ~~~~~~~~~~^^^^^^
  File "/opt/homebrew/Cellar/python@3.14/3.14.0_1/Frameworks/Python.framework/Versions/3.14/lib/python3.14/asyncio/runners.py", line 127, in run
    return self._loop.run_until_complete(task)
           ~~~~~~~~~~~~~~~~~~~~~~~~~~~~~^^^^^^
  File "/opt/homebrew/Cellar/python@3.14/3.14.0_1/Frameworks/Python.framework/Versions/3.14/lib/python3.14/asyncio/base_events.py", line 719, in run_until_complete
    return future.result()
           ~~~~~~~~~~~~~^^
  File "/Users/Srivats/Downloads/Hackathon Project/venv/lib/python3.14/site-packages/uvicorn/server.py", line 79, in serve
    await self._serve(sockets)
  File "/Users/Srivats/Downloads/Hackathon Project/venv/lib/python3.14/site-packages/uvicorn/server.py", line 86, in _serve
    config.load()
    ~~~~~~~~~~~^^
  File "/Users/Srivats/Downloads/Hackathon Project/venv/lib/python3.14/site-packages/uvicorn/config.py", line 441, in load
    self.loaded_app = import_from_string(self.app)
                      ~~~~~~~~~~~~~~~~~~^^^^^^^^^^
  File "/Users/Srivats/Downloads/Hackathon Project/venv/lib/python3.14/site-packages/uvicorn/importer.py", line 19, in import_from_string
    module = importlib.import_module(module_str)
  File "/opt/homebrew/Cellar/python@3.14/3.14.0_1/Frameworks/Python.framework/Versions/3.14/lib/python3.14/importlib/__init__.py", line 88, in import_module
    return _bootstrap._gcd_import(name[level:], package, level)
           ~~~~~~~~~~~~~~~~~~~~~~^^^^^^^^^^^^^^^^^^^^^^^^^^^^^^
  File "<frozen importlib._bootstrap>", line 1398, in _gcd_import
  File "<frozen importlib._bootstrap>", line 1371, in _find_and_load
  File "<frozen importlib._bootstrap>", line 1342, in _find_and_load_unlocked
  File "<frozen importlib._bootstrap>", line 938, in _load_unlocked
  File "<frozen importlib._bootstrap_external>", line 762, in exec_module
  File "<frozen importlib._bootstrap>", line 491, in _call_with_frames_removed
  File "/Users/Srivats/Downloads/Hackathon Project/api/main.py", line 193, in <module>
    @app.get("/complexity", response_model=List[ComplexityPoint])
                                           ^^^^
NameError: name 'List' is not defined. Did you mean: 'list'?
